// Jest Snapshot v1, https://goo.gl/fbAQLP

exports[`Selected polygon feature can be translated 1`] = `
Object {
  "geometry": Object {
    "coordinates": Array [
      Array [
        Array [
          1.9993896804101041,
          3.0004573272249484,
        ],
        Array [
          3.999389680410104,
          3.0004573272249484,
        ],
        Array [
          4.003051832614915,
          5.0004573272249475,
        ],
        Array [
          2.003051832614915,
          5.0004573272249475,
        ],
        Array [
          1.9993896804101041,
          3.0004573272249484,
        ],
      ],
      Array [
        Array [
          2.4999614397826235,
          3.5004573272249484,
        ],
        Array [
          2.501792166258838,
          4.500457327224948,
        ],
        Array [
          3.501792166258838,
          4.500457327224948,
        ],
        Array [
          3.4999614397826235,
          3.5004573272249484,
        ],
        Array [
          2.4999614397826235,
          3.5004573272249484,
        ],
      ],
    ],
    "type": "Polygon",
  },
  "properties": Object {},
  "type": "Feature",
}
`;
